============================= test session starts ==============================
platform darwin -- Python 3.13.0, pytest-8.4.2, pluggy-1.6.0 -- /opt/homebrew/opt/python@3.13/bin/python3.13
cachedir: .pytest_cache
rootdir: /Users/srijan/Desktop/aksh
plugins: asyncio-1.2.0, cov-7.0.0, anyio-4.11.0, base-url-2.1.0, playwright-0.7.1
asyncio: mode=Mode.STRICT, debug=False, asyncio_default_fixture_loop_scope=None, asyncio_default_test_loop_scope=function
collecting ... collected 23 items

tests/unit/test_model_loader.py::TestModelLoaderInitialization::test_initialization_with_default_cache_size PASSED [  4%]
tests/unit/test_model_loader.py::TestModelLoaderInitialization::test_initialization_with_custom_cache_size PASSED [  8%]
tests/unit/test_model_loader.py::TestModelLoaderInitialization::test_initialization_creates_lock PASSED [ 13%]
tests/unit/test_model_loader.py::TestModelLoading::test_load_model_with_type_and_version PASSED [ 17%]
tests/unit/test_model_loader.py::TestModelLoading::test_load_model_with_type_only_uses_latest PASSED [ 21%]
tests/unit/test_model_loader.py::TestModelLoading::test_load_model_caches_result PASSED [ 26%]
tests/unit/test_model_loader.py::TestModelLoading::test_load_model_raises_error_on_failure PASSED [ 30%]
tests/unit/test_model_loader.py::TestLRUCache::test_cache_evicts_oldest_when_full PASSED [ 34%]
tests/unit/test_model_loader.py::TestLRUCache::test_cache_updates_lru_on_access PASSED [ 39%]
tests/unit/test_model_loader.py::TestLRUCache::test_cache_respects_memory_limit PASSED [ 43%]
tests/unit/test_model_loader.py::TestLRUCache::test_cache_key_format PASSED [ 47%]
tests/unit/test_model_loader.py::TestThreadSafety::test_concurrent_loads_use_lock PASSED [ 52%]
tests/unit/test_model_loader.py::TestThreadSafety::test_concurrent_loads_dont_duplicate PASSED [ 56%]
tests/unit/test_model_loader.py::TestThreadSafety::test_thread_safe_cache_modification PASSED [ 60%]
tests/unit/test_model_loader.py::TestHotReload::test_reload_model_loads_new_version PASSED [ 65%]
tests/unit/test_model_loader.py::TestHotReload::test_reload_all_models_refreshes_cache 